
> vite_react_shadcn_ts@0.0.0 build
> vite build

[36mvite v5.4.19 [32mbuilding for production...[36m[39m
transforming...
[32mΓ£ô[39m 36 modules transformed.
node.exe : [31mx[39m Build failed in 422ms
At C:\Program Files\nodejs\npm.ps1:29 char:3
+   & $NODE_EXE $NPM_CLI_JS $args
+   ~~~~~~~~~~~~~~~~~~~~~~~~~~~~~
    + CategoryInfo          : NotSpecified: 
    ([31mx[39m Build failed in 422ms:Str  
  ing) [], RemoteException
    + FullyQualifiedErrorId : NativeCommand 
   Error
 
[31merror during build:
[31m[vite:load-fallback] Could not load C:\
Users\XAVIER\Documents\AdcRentLedger\src/dat
a/store (imported by src/App.tsx): ENOENT: 
no such file or directory, open 'C:\Users\XA
VIER\Documents\AdcRentLedger\src\data\store'
[31m
    at async open 
(node:internal/fs/promises:638:25)
    at async Object.readFile 
(node:internal/fs/promises:1238:14)
    at async Object.load (file:///C:/Users/X
AVIER/Documents/AdcRentLedger/node_modules/v
ite/dist/node/chunks/dep-C6uTJdX2.js:65341:2
5)
    at async 
PluginDriver.hookFirstAndGetPlugin (file:///
C:/Users/XAVIER/Documents/AdcRentLedger/node
_modules/rollup/dist/es/shared/node-entry.js
:20630:28)
    at async file:///C:/Users/XAVIER/Documen
ts/AdcRentLedger/node_modules/rollup/dist/es
/shared/node-entry.js:19750:33
    at async Queue.work (file:///C:/Users/XA
VIER/Documents/AdcRentLedger/node_modules/ro
llup/dist/es/shared/node-entry.js:20840:32)
[39m
